  Determining projects to restore...
  All projects are up-to-date for restore.
  Core -> C:\Users\EMIR\Desktop\LibraryProject\Core\bin\Debug\net9.0\Core.dll
  Entities -> C:\Users\EMIR\Desktop\LibraryProject\Entities\bin\Debug\net9.0\Entities.dll
  DataAccess -> C:\Users\EMIR\Desktop\LibraryProject\DataAccess\bin\Debug\net9.0\DataAccess.dll
  Business -> C:\Users\EMIR\Desktop\LibraryProject\Business\bin\Debug\net9.0\Business.dll
C:\Program Files\dotnet\sdk\9.0.302\Microsoft.Common.CurrentVersion.targets(5094,5): warning MSB3026: Could not copy "C:\Users\EMIR\Desktop\LibraryProject\DataAccess\bin\Debug\net9.0\DataAccess.dll" to "bin\Debug\net9.0\DataAccess.dll". Beginning retry 1 in 1000ms. The process cannot access the file 'C:\Users\EMIR\Desktop\LibraryProject\WebAPI\bin\Debug\net9.0\DataAccess.dll' because it is being used by another process. The file is locked by: ".NET Host (10940)" [C:\Users\EMIR\Desktop\LibraryProject\WebAPI\WebAPI.csproj]
C:\Program Files\dotnet\sdk\9.0.302\Microsoft.Common.CurrentVersion.targets(5094,5): warning MSB3026: Could not copy "C:\Users\EMIR\Desktop\LibraryProject\Business\bin\Debug\net9.0\Business.dll" to "bin\Debug\net9.0\Business.dll". Beginning retry 1 in 1000ms. The process cannot access the file 'C:\Users\EMIR\Desktop\LibraryProject\WebAPI\bin\Debug\net9.0\Business.dll' because it is being used by another process. The file is locked by: ".NET Host (10940)" [C:\Users\EMIR\Desktop\LibraryProject\WebAPI\WebAPI.csproj]
C:\Program Files\dotnet\sdk\9.0.302\Microsoft.Common.CurrentVersion.targets(5094,5): warning MSB3026: Could not copy "C:\Users\EMIR\Desktop\LibraryProject\Business\bin\Debug\net9.0\Business.dll" to "bin\Debug\net9.0\Business.dll". Beginning retry 2 in 1000ms. The process cannot access the file 'C:\Users\EMIR\Desktop\LibraryProject\WebAPI\bin\Debug\net9.0\Business.dll' because it is being used by another process. The file is locked by: ".NET Host (10940)" [C:\Users\EMIR\Desktop\LibraryProject\WebAPI\WebAPI.csproj]
C:\Program Files\dotnet\sdk\9.0.302\Microsoft.Common.CurrentVersion.targets(5094,5): warning MSB3026: Could not copy "C:\Users\EMIR\Desktop\LibraryProject\DataAccess\bin\Debug\net9.0\DataAccess.dll" to "bin\Debug\net9.0\DataAccess.dll". Beginning retry 2 in 1000ms. The process cannot access the file 'C:\Users\EMIR\Desktop\LibraryProject\WebAPI\bin\Debug\net9.0\DataAccess.dll' because it is being used by another process. The file is locked by: ".NET Host (10940)" [C:\Users\EMIR\Desktop\LibraryProject\WebAPI\WebAPI.csproj]
C:\Program Files\dotnet\sdk\9.0.302\Microsoft.Common.CurrentVersion.targets(5094,5): warning MSB3026: Could not copy "C:\Users\EMIR\Desktop\LibraryProject\DataAccess\bin\Debug\net9.0\DataAccess.dll" to "bin\Debug\net9.0\DataAccess.dll". Beginning retry 3 in 1000ms. The process cannot access the file 'C:\Users\EMIR\Desktop\LibraryProject\WebAPI\bin\Debug\net9.0\DataAccess.dll' because it is being used by another process. The file is locked by: ".NET Host (10940)" [C:\Users\EMIR\Desktop\LibraryProject\WebAPI\WebAPI.csproj]
C:\Program Files\dotnet\sdk\9.0.302\Microsoft.Common.CurrentVersion.targets(5094,5): warning MSB3026: Could not copy "C:\Users\EMIR\Desktop\LibraryProject\Business\bin\Debug\net9.0\Business.dll" to "bin\Debug\net9.0\Business.dll". Beginning retry 3 in 1000ms. The process cannot access the file 'C:\Users\EMIR\Desktop\LibraryProject\WebAPI\bin\Debug\net9.0\Business.dll' because it is being used by another process. The file is locked by: ".NET Host (10940)" [C:\Users\EMIR\Desktop\LibraryProject\WebAPI\WebAPI.csproj]
C:\Program Files\dotnet\sdk\9.0.302\Microsoft.Common.CurrentVersion.targets(5094,5): warning MSB3026: Could not copy "C:\Users\EMIR\Desktop\LibraryProject\Business\bin\Debug\net9.0\Business.dll" to "bin\Debug\net9.0\Business.dll". Beginning retry 4 in 1000ms. The process cannot access the file 'C:\Users\EMIR\Desktop\LibraryProject\WebAPI\bin\Debug\net9.0\Business.dll' because it is being used by another process. The file is locked by: ".NET Host (10940)" [C:\Users\EMIR\Desktop\LibraryProject\WebAPI\WebAPI.csproj]
C:\Program Files\dotnet\sdk\9.0.302\Microsoft.Common.CurrentVersion.targets(5094,5): warning MSB3026: Could not copy "C:\Users\EMIR\Desktop\LibraryProject\DataAccess\bin\Debug\net9.0\DataAccess.dll" to "bin\Debug\net9.0\DataAccess.dll". Beginning retry 4 in 1000ms. The process cannot access the file 'C:\Users\EMIR\Desktop\LibraryProject\WebAPI\bin\Debug\net9.0\DataAccess.dll' because it is being used by another process. The file is locked by: ".NET Host (10940)" [C:\Users\EMIR\Desktop\LibraryProject\WebAPI\WebAPI.csproj]
C:\Program Files\dotnet\sdk\9.0.302\Microsoft.Common.CurrentVersion.targets(5094,5): warning MSB3026: Could not copy "C:\Users\EMIR\Desktop\LibraryProject\Business\bin\Debug\net9.0\Business.dll" to "bin\Debug\net9.0\Business.dll". Beginning retry 5 in 1000ms. The process cannot access the file 'C:\Users\EMIR\Desktop\LibraryProject\WebAPI\bin\Debug\net9.0\Business.dll' because it is being used by another process. The file is locked by: ".NET Host (10940)" [C:\Users\EMIR\Desktop\LibraryProject\WebAPI\WebAPI.csproj]
C:\Program Files\dotnet\sdk\9.0.302\Microsoft.Common.CurrentVersion.targets(5094,5): warning MSB3026: Could not copy "C:\Users\EMIR\Desktop\LibraryProject\DataAccess\bin\Debug\net9.0\DataAccess.dll" to "bin\Debug\net9.0\DataAccess.dll". Beginning retry 5 in 1000ms. The process cannot access the file 'C:\Users\EMIR\Desktop\LibraryProject\WebAPI\bin\Debug\net9.0\DataAccess.dll' because it is being used by another process. The file is locked by: ".NET Host (10940)" [C:\Users\EMIR\Desktop\LibraryProject\WebAPI\WebAPI.csproj]
C:\Program Files\dotnet\sdk\9.0.302\Microsoft.Common.CurrentVersion.targets(5094,5): warning MSB3026: Could not copy "C:\Users\EMIR\Desktop\LibraryProject\DataAccess\bin\Debug\net9.0\DataAccess.dll" to "bin\Debug\net9.0\DataAccess.dll". Beginning retry 6 in 1000ms. The process cannot access the file 'C:\Users\EMIR\Desktop\LibraryProject\WebAPI\bin\Debug\net9.0\DataAccess.dll' because it is being used by another process. The file is locked by: ".NET Host (10940)" [C:\Users\EMIR\Desktop\LibraryProject\WebAPI\WebAPI.csproj]
C:\Program Files\dotnet\sdk\9.0.302\Microsoft.Common.CurrentVersion.targets(5094,5): warning MSB3026: Could not copy "C:\Users\EMIR\Desktop\LibraryProject\Business\bin\Debug\net9.0\Business.dll" to "bin\Debug\net9.0\Business.dll". Beginning retry 6 in 1000ms. The process cannot access the file 'C:\Users\EMIR\Desktop\LibraryProject\WebAPI\bin\Debug\net9.0\Business.dll' because it is being used by another process. The file is locked by: ".NET Host (10940)" [C:\Users\EMIR\Desktop\LibraryProject\WebAPI\WebAPI.csproj]
C:\Program Files\dotnet\sdk\9.0.302\Microsoft.Common.CurrentVersion.targets(5094,5): warning MSB3026: Could not copy "C:\Users\EMIR\Desktop\LibraryProject\DataAccess\bin\Debug\net9.0\DataAccess.dll" to "bin\Debug\net9.0\DataAccess.dll". Beginning retry 7 in 1000ms. The process cannot access the file 'C:\Users\EMIR\Desktop\LibraryProject\WebAPI\bin\Debug\net9.0\DataAccess.dll' because it is being used by another process. The file is locked by: ".NET Host (10940)" [C:\Users\EMIR\Desktop\LibraryProject\WebAPI\WebAPI.csproj]
C:\Program Files\dotnet\sdk\9.0.302\Microsoft.Common.CurrentVersion.targets(5094,5): warning MSB3026: Could not copy "C:\Users\EMIR\Desktop\LibraryProject\Business\bin\Debug\net9.0\Business.dll" to "bin\Debug\net9.0\Business.dll". Beginning retry 7 in 1000ms. The process cannot access the file 'C:\Users\EMIR\Desktop\LibraryProject\WebAPI\bin\Debug\net9.0\Business.dll' because it is being used by another process. The file is locked by: ".NET Host (10940)" [C:\Users\EMIR\Desktop\LibraryProject\WebAPI\WebAPI.csproj]
C:\Program Files\dotnet\sdk\9.0.302\Microsoft.Common.CurrentVersion.targets(5094,5): warning MSB3026: Could not copy "C:\Users\EMIR\Desktop\LibraryProject\Business\bin\Debug\net9.0\Business.dll" to "bin\Debug\net9.0\Business.dll". Beginning retry 8 in 1000ms. The process cannot access the file 'C:\Users\EMIR\Desktop\LibraryProject\WebAPI\bin\Debug\net9.0\Business.dll' because it is being used by another process. The file is locked by: ".NET Host (10940)" [C:\Users\EMIR\Desktop\LibraryProject\WebAPI\WebAPI.csproj]
C:\Program Files\dotnet\sdk\9.0.302\Microsoft.Common.CurrentVersion.targets(5094,5): warning MSB3026: Could not copy "C:\Users\EMIR\Desktop\LibraryProject\DataAccess\bin\Debug\net9.0\DataAccess.dll" to "bin\Debug\net9.0\DataAccess.dll". Beginning retry 8 in 1000ms. The process cannot access the file 'C:\Users\EMIR\Desktop\LibraryProject\WebAPI\bin\Debug\net9.0\DataAccess.dll' because it is being used by another process. The file is locked by: ".NET Host (10940)" [C:\Users\EMIR\Desktop\LibraryProject\WebAPI\WebAPI.csproj]
C:\Program Files\dotnet\sdk\9.0.302\Microsoft.Common.CurrentVersion.targets(5094,5): warning MSB3026: Could not copy "C:\Users\EMIR\Desktop\LibraryProject\DataAccess\bin\Debug\net9.0\DataAccess.dll" to "bin\Debug\net9.0\DataAccess.dll". Beginning retry 9 in 1000ms. The process cannot access the file 'C:\Users\EMIR\Desktop\LibraryProject\WebAPI\bin\Debug\net9.0\DataAccess.dll' because it is being used by another process. The file is locked by: ".NET Host (10940)" [C:\Users\EMIR\Desktop\LibraryProject\WebAPI\WebAPI.csproj]
C:\Program Files\dotnet\sdk\9.0.302\Microsoft.Common.CurrentVersion.targets(5094,5): warning MSB3026: Could not copy "C:\Users\EMIR\Desktop\LibraryProject\Business\bin\Debug\net9.0\Business.dll" to "bin\Debug\net9.0\Business.dll". Beginning retry 9 in 1000ms. The process cannot access the file 'C:\Users\EMIR\Desktop\LibraryProject\WebAPI\bin\Debug\net9.0\Business.dll' because it is being used by another process. The file is locked by: ".NET Host (10940)" [C:\Users\EMIR\Desktop\LibraryProject\WebAPI\WebAPI.csproj]
C:\Program Files\dotnet\sdk\9.0.302\Microsoft.Common.CurrentVersion.targets(5094,5): warning MSB3026: Could not copy "C:\Users\EMIR\Desktop\LibraryProject\DataAccess\bin\Debug\net9.0\DataAccess.dll" to "bin\Debug\net9.0\DataAccess.dll". Beginning retry 10 in 1000ms. The process cannot access the file 'C:\Users\EMIR\Desktop\LibraryProject\WebAPI\bin\Debug\net9.0\DataAccess.dll' because it is being used by another process. The file is locked by: ".NET Host (10940)" [C:\Users\EMIR\Desktop\LibraryProject\WebAPI\WebAPI.csproj]
C:\Program Files\dotnet\sdk\9.0.302\Microsoft.Common.CurrentVersion.targets(5094,5): warning MSB3026: Could not copy "C:\Users\EMIR\Desktop\LibraryProject\Business\bin\Debug\net9.0\Business.dll" to "bin\Debug\net9.0\Business.dll". Beginning retry 10 in 1000ms. The process cannot access the file 'C:\Users\EMIR\Desktop\LibraryProject\WebAPI\bin\Debug\net9.0\Business.dll' because it is being used by another process. The file is locked by: ".NET Host (10940)" [C:\Users\EMIR\Desktop\LibraryProject\WebAPI\WebAPI.csproj]
C:\Program Files\dotnet\sdk\9.0.302\Microsoft.Common.CurrentVersion.targets(5094,5): error MSB3027: Could not copy "C:\Users\EMIR\Desktop\LibraryProject\Business\bin\Debug\net9.0\Business.dll" to "bin\Debug\net9.0\Business.dll". Exceeded retry count of 10. Failed. The file is locked by: ".NET Host (10940)" [C:\Users\EMIR\Desktop\LibraryProject\WebAPI\WebAPI.csproj]
C:\Program Files\dotnet\sdk\9.0.302\Microsoft.Common.CurrentVersion.targets(5094,5): error MSB3021: Unable to copy file "C:\Users\EMIR\Desktop\LibraryProject\Business\bin\Debug\net9.0\Business.dll" to "bin\Debug\net9.0\Business.dll". The process cannot access the file 'C:\Users\EMIR\Desktop\LibraryProject\WebAPI\bin\Debug\net9.0\Business.dll' because it is being used by another process. [C:\Users\EMIR\Desktop\LibraryProject\WebAPI\WebAPI.csproj]
C:\Program Files\dotnet\sdk\9.0.302\Microsoft.Common.CurrentVersion.targets(5094,5): error MSB3027: Could not copy "C:\Users\EMIR\Desktop\LibraryProject\DataAccess\bin\Debug\net9.0\DataAccess.dll" to "bin\Debug\net9.0\DataAccess.dll". Exceeded retry count of 10. Failed. The file is locked by: ".NET Host (10940)" [C:\Users\EMIR\Desktop\LibraryProject\WebAPI\WebAPI.csproj]
C:\Program Files\dotnet\sdk\9.0.302\Microsoft.Common.CurrentVersion.targets(5094,5): error MSB3021: Unable to copy file "C:\Users\EMIR\Desktop\LibraryProject\DataAccess\bin\Debug\net9.0\DataAccess.dll" to "bin\Debug\net9.0\DataAccess.dll". The process cannot access the file 'C:\Users\EMIR\Desktop\LibraryProject\WebAPI\bin\Debug\net9.0\DataAccess.dll' because it is being used by another process. [C:\Users\EMIR\Desktop\LibraryProject\WebAPI\WebAPI.csproj]

Build FAILED.

C:\Program Files\dotnet\sdk\9.0.302\Microsoft.Common.CurrentVersion.targets(5094,5): warning MSB3026: Could not copy "C:\Users\EMIR\Desktop\LibraryProject\DataAccess\bin\Debug\net9.0\DataAccess.dll" to "bin\Debug\net9.0\DataAccess.dll". Beginning retry 1 in 1000ms. The process cannot access the file 'C:\Users\EMIR\Desktop\LibraryProject\WebAPI\bin\Debug\net9.0\DataAccess.dll' because it is being used by another process. The file is locked by: ".NET Host (10940)" [C:\Users\EMIR\Desktop\LibraryProject\WebAPI\WebAPI.csproj]
C:\Program Files\dotnet\sdk\9.0.302\Microsoft.Common.CurrentVersion.targets(5094,5): warning MSB3026: Could not copy "C:\Users\EMIR\Desktop\LibraryProject\Business\bin\Debug\net9.0\Business.dll" to "bin\Debug\net9.0\Business.dll". Beginning retry 1 in 1000ms. The process cannot access the file 'C:\Users\EMIR\Desktop\LibraryProject\WebAPI\bin\Debug\net9.0\Business.dll' because it is being used by another process. The file is locked by: ".NET Host (10940)" [C:\Users\EMIR\Desktop\LibraryProject\WebAPI\WebAPI.csproj]
C:\Program Files\dotnet\sdk\9.0.302\Microsoft.Common.CurrentVersion.targets(5094,5): warning MSB3026: Could not copy "C:\Users\EMIR\Desktop\LibraryProject\Business\bin\Debug\net9.0\Business.dll" to "bin\Debug\net9.0\Business.dll". Beginning retry 2 in 1000ms. The process cannot access the file 'C:\Users\EMIR\Desktop\LibraryProject\WebAPI\bin\Debug\net9.0\Business.dll' because it is being used by another process. The file is locked by: ".NET Host (10940)" [C:\Users\EMIR\Desktop\LibraryProject\WebAPI\WebAPI.csproj]
C:\Program Files\dotnet\sdk\9.0.302\Microsoft.Common.CurrentVersion.targets(5094,5): warning MSB3026: Could not copy "C:\Users\EMIR\Desktop\LibraryProject\DataAccess\bin\Debug\net9.0\DataAccess.dll" to "bin\Debug\net9.0\DataAccess.dll". Beginning retry 2 in 1000ms. The process cannot access the file 'C:\Users\EMIR\Desktop\LibraryProject\WebAPI\bin\Debug\net9.0\DataAccess.dll' because it is being used by another process. The file is locked by: ".NET Host (10940)" [C:\Users\EMIR\Desktop\LibraryProject\WebAPI\WebAPI.csproj]
C:\Program Files\dotnet\sdk\9.0.302\Microsoft.Common.CurrentVersion.targets(5094,5): warning MSB3026: Could not copy "C:\Users\EMIR\Desktop\LibraryProject\DataAccess\bin\Debug\net9.0\DataAccess.dll" to "bin\Debug\net9.0\DataAccess.dll". Beginning retry 3 in 1000ms. The process cannot access the file 'C:\Users\EMIR\Desktop\LibraryProject\WebAPI\bin\Debug\net9.0\DataAccess.dll' because it is being used by another process. The file is locked by: ".NET Host (10940)" [C:\Users\EMIR\Desktop\LibraryProject\WebAPI\WebAPI.csproj]
C:\Program Files\dotnet\sdk\9.0.302\Microsoft.Common.CurrentVersion.targets(5094,5): warning MSB3026: Could not copy "C:\Users\EMIR\Desktop\LibraryProject\Business\bin\Debug\net9.0\Business.dll" to "bin\Debug\net9.0\Business.dll". Beginning retry 3 in 1000ms. The process cannot access the file 'C:\Users\EMIR\Desktop\LibraryProject\WebAPI\bin\Debug\net9.0\Business.dll' because it is being used by another process. The file is locked by: ".NET Host (10940)" [C:\Users\EMIR\Desktop\LibraryProject\WebAPI\WebAPI.csproj]
C:\Program Files\dotnet\sdk\9.0.302\Microsoft.Common.CurrentVersion.targets(5094,5): warning MSB3026: Could not copy "C:\Users\EMIR\Desktop\LibraryProject\Business\bin\Debug\net9.0\Business.dll" to "bin\Debug\net9.0\Business.dll". Beginning retry 4 in 1000ms. The process cannot access the file 'C:\Users\EMIR\Desktop\LibraryProject\WebAPI\bin\Debug\net9.0\Business.dll' because it is being used by another process. The file is locked by: ".NET Host (10940)" [C:\Users\EMIR\Desktop\LibraryProject\WebAPI\WebAPI.csproj]
C:\Program Files\dotnet\sdk\9.0.302\Microsoft.Common.CurrentVersion.targets(5094,5): warning MSB3026: Could not copy "C:\Users\EMIR\Desktop\LibraryProject\DataAccess\bin\Debug\net9.0\DataAccess.dll" to "bin\Debug\net9.0\DataAccess.dll". Beginning retry 4 in 1000ms. The process cannot access the file 'C:\Users\EMIR\Desktop\LibraryProject\WebAPI\bin\Debug\net9.0\DataAccess.dll' because it is being used by another process. The file is locked by: ".NET Host (10940)" [C:\Users\EMIR\Desktop\LibraryProject\WebAPI\WebAPI.csproj]
C:\Program Files\dotnet\sdk\9.0.302\Microsoft.Common.CurrentVersion.targets(5094,5): warning MSB3026: Could not copy "C:\Users\EMIR\Desktop\LibraryProject\Business\bin\Debug\net9.0\Business.dll" to "bin\Debug\net9.0\Business.dll". Beginning retry 5 in 1000ms. The process cannot access the file 'C:\Users\EMIR\Desktop\LibraryProject\WebAPI\bin\Debug\net9.0\Business.dll' because it is being used by another process. The file is locked by: ".NET Host (10940)" [C:\Users\EMIR\Desktop\LibraryProject\WebAPI\WebAPI.csproj]
C:\Program Files\dotnet\sdk\9.0.302\Microsoft.Common.CurrentVersion.targets(5094,5): warning MSB3026: Could not copy "C:\Users\EMIR\Desktop\LibraryProject\DataAccess\bin\Debug\net9.0\DataAccess.dll" to "bin\Debug\net9.0\DataAccess.dll". Beginning retry 5 in 1000ms. The process cannot access the file 'C:\Users\EMIR\Desktop\LibraryProject\WebAPI\bin\Debug\net9.0\DataAccess.dll' because it is being used by another process. The file is locked by: ".NET Host (10940)" [C:\Users\EMIR\Desktop\LibraryProject\WebAPI\WebAPI.csproj]
C:\Program Files\dotnet\sdk\9.0.302\Microsoft.Common.CurrentVersion.targets(5094,5): warning MSB3026: Could not copy "C:\Users\EMIR\Desktop\LibraryProject\DataAccess\bin\Debug\net9.0\DataAccess.dll" to "bin\Debug\net9.0\DataAccess.dll". Beginning retry 6 in 1000ms. The process cannot access the file 'C:\Users\EMIR\Desktop\LibraryProject\WebAPI\bin\Debug\net9.0\DataAccess.dll' because it is being used by another process. The file is locked by: ".NET Host (10940)" [C:\Users\EMIR\Desktop\LibraryProject\WebAPI\WebAPI.csproj]
C:\Program Files\dotnet\sdk\9.0.302\Microsoft.Common.CurrentVersion.targets(5094,5): warning MSB3026: Could not copy "C:\Users\EMIR\Desktop\LibraryProject\Business\bin\Debug\net9.0\Business.dll" to "bin\Debug\net9.0\Business.dll". Beginning retry 6 in 1000ms. The process cannot access the file 'C:\Users\EMIR\Desktop\LibraryProject\WebAPI\bin\Debug\net9.0\Business.dll' because it is being used by another process. The file is locked by: ".NET Host (10940)" [C:\Users\EMIR\Desktop\LibraryProject\WebAPI\WebAPI.csproj]
C:\Program Files\dotnet\sdk\9.0.302\Microsoft.Common.CurrentVersion.targets(5094,5): warning MSB3026: Could not copy "C:\Users\EMIR\Desktop\LibraryProject\DataAccess\bin\Debug\net9.0\DataAccess.dll" to "bin\Debug\net9.0\DataAccess.dll". Beginning retry 7 in 1000ms. The process cannot access the file 'C:\Users\EMIR\Desktop\LibraryProject\WebAPI\bin\Debug\net9.0\DataAccess.dll' because it is being used by another process. The file is locked by: ".NET Host (10940)" [C:\Users\EMIR\Desktop\LibraryProject\WebAPI\WebAPI.csproj]
C:\Program Files\dotnet\sdk\9.0.302\Microsoft.Common.CurrentVersion.targets(5094,5): warning MSB3026: Could not copy "C:\Users\EMIR\Desktop\LibraryProject\Business\bin\Debug\net9.0\Business.dll" to "bin\Debug\net9.0\Business.dll". Beginning retry 7 in 1000ms. The process cannot access the file 'C:\Users\EMIR\Desktop\LibraryProject\WebAPI\bin\Debug\net9.0\Business.dll' because it is being used by another process. The file is locked by: ".NET Host (10940)" [C:\Users\EMIR\Desktop\LibraryProject\WebAPI\WebAPI.csproj]
C:\Program Files\dotnet\sdk\9.0.302\Microsoft.Common.CurrentVersion.targets(5094,5): warning MSB3026: Could not copy "C:\Users\EMIR\Desktop\LibraryProject\Business\bin\Debug\net9.0\Business.dll" to "bin\Debug\net9.0\Business.dll". Beginning retry 8 in 1000ms. The process cannot access the file 'C:\Users\EMIR\Desktop\LibraryProject\WebAPI\bin\Debug\net9.0\Business.dll' because it is being used by another process. The file is locked by: ".NET Host (10940)" [C:\Users\EMIR\Desktop\LibraryProject\WebAPI\WebAPI.csproj]
C:\Program Files\dotnet\sdk\9.0.302\Microsoft.Common.CurrentVersion.targets(5094,5): warning MSB3026: Could not copy "C:\Users\EMIR\Desktop\LibraryProject\DataAccess\bin\Debug\net9.0\DataAccess.dll" to "bin\Debug\net9.0\DataAccess.dll". Beginning retry 8 in 1000ms. The process cannot access the file 'C:\Users\EMIR\Desktop\LibraryProject\WebAPI\bin\Debug\net9.0\DataAccess.dll' because it is being used by another process. The file is locked by: ".NET Host (10940)" [C:\Users\EMIR\Desktop\LibraryProject\WebAPI\WebAPI.csproj]
C:\Program Files\dotnet\sdk\9.0.302\Microsoft.Common.CurrentVersion.targets(5094,5): warning MSB3026: Could not copy "C:\Users\EMIR\Desktop\LibraryProject\DataAccess\bin\Debug\net9.0\DataAccess.dll" to "bin\Debug\net9.0\DataAccess.dll". Beginning retry 9 in 1000ms. The process cannot access the file 'C:\Users\EMIR\Desktop\LibraryProject\WebAPI\bin\Debug\net9.0\DataAccess.dll' because it is being used by another process. The file is locked by: ".NET Host (10940)" [C:\Users\EMIR\Desktop\LibraryProject\WebAPI\WebAPI.csproj]
C:\Program Files\dotnet\sdk\9.0.302\Microsoft.Common.CurrentVersion.targets(5094,5): warning MSB3026: Could not copy "C:\Users\EMIR\Desktop\LibraryProject\Business\bin\Debug\net9.0\Business.dll" to "bin\Debug\net9.0\Business.dll". Beginning retry 9 in 1000ms. The process cannot access the file 'C:\Users\EMIR\Desktop\LibraryProject\WebAPI\bin\Debug\net9.0\Business.dll' because it is being used by another process. The file is locked by: ".NET Host (10940)" [C:\Users\EMIR\Desktop\LibraryProject\WebAPI\WebAPI.csproj]
C:\Program Files\dotnet\sdk\9.0.302\Microsoft.Common.CurrentVersion.targets(5094,5): warning MSB3026: Could not copy "C:\Users\EMIR\Desktop\LibraryProject\DataAccess\bin\Debug\net9.0\DataAccess.dll" to "bin\Debug\net9.0\DataAccess.dll". Beginning retry 10 in 1000ms. The process cannot access the file 'C:\Users\EMIR\Desktop\LibraryProject\WebAPI\bin\Debug\net9.0\DataAccess.dll' because it is being used by another process. The file is locked by: ".NET Host (10940)" [C:\Users\EMIR\Desktop\LibraryProject\WebAPI\WebAPI.csproj]
C:\Program Files\dotnet\sdk\9.0.302\Microsoft.Common.CurrentVersion.targets(5094,5): warning MSB3026: Could not copy "C:\Users\EMIR\Desktop\LibraryProject\Business\bin\Debug\net9.0\Business.dll" to "bin\Debug\net9.0\Business.dll". Beginning retry 10 in 1000ms. The process cannot access the file 'C:\Users\EMIR\Desktop\LibraryProject\WebAPI\bin\Debug\net9.0\Business.dll' because it is being used by another process. The file is locked by: ".NET Host (10940)" [C:\Users\EMIR\Desktop\LibraryProject\WebAPI\WebAPI.csproj]
C:\Program Files\dotnet\sdk\9.0.302\Microsoft.Common.CurrentVersion.targets(5094,5): error MSB3027: Could not copy "C:\Users\EMIR\Desktop\LibraryProject\Business\bin\Debug\net9.0\Business.dll" to "bin\Debug\net9.0\Business.dll". Exceeded retry count of 10. Failed. The file is locked by: ".NET Host (10940)" [C:\Users\EMIR\Desktop\LibraryProject\WebAPI\WebAPI.csproj]
C:\Program Files\dotnet\sdk\9.0.302\Microsoft.Common.CurrentVersion.targets(5094,5): error MSB3021: Unable to copy file "C:\Users\EMIR\Desktop\LibraryProject\Business\bin\Debug\net9.0\Business.dll" to "bin\Debug\net9.0\Business.dll". The process cannot access the file 'C:\Users\EMIR\Desktop\LibraryProject\WebAPI\bin\Debug\net9.0\Business.dll' because it is being used by another process. [C:\Users\EMIR\Desktop\LibraryProject\WebAPI\WebAPI.csproj]
C:\Program Files\dotnet\sdk\9.0.302\Microsoft.Common.CurrentVersion.targets(5094,5): error MSB3027: Could not copy "C:\Users\EMIR\Desktop\LibraryProject\DataAccess\bin\Debug\net9.0\DataAccess.dll" to "bin\Debug\net9.0\DataAccess.dll". Exceeded retry count of 10. Failed. The file is locked by: ".NET Host (10940)" [C:\Users\EMIR\Desktop\LibraryProject\WebAPI\WebAPI.csproj]
C:\Program Files\dotnet\sdk\9.0.302\Microsoft.Common.CurrentVersion.targets(5094,5): error MSB3021: Unable to copy file "C:\Users\EMIR\Desktop\LibraryProject\DataAccess\bin\Debug\net9.0\DataAccess.dll" to "bin\Debug\net9.0\DataAccess.dll". The process cannot access the file 'C:\Users\EMIR\Desktop\LibraryProject\WebAPI\bin\Debug\net9.0\DataAccess.dll' because it is being used by another process. [C:\Users\EMIR\Desktop\LibraryProject\WebAPI\WebAPI.csproj]
    20 Warning(s)
    4 Error(s)

Time Elapsed 00:00:11.70
